[     124ms] [LOG] [Fast Refresh] rebuilding @ http://localhost:3000/_next/static/chunks/04ls_next_dist_0vk1ech._.js:2431
[     285ms] [LOG] [Fast Refresh] done in 261ms @ http://localhost:3000/_next/static/chunks/04ls_next_dist_0vk1ech._.js:2431
[     308ms] [ERROR] Failed to load resource: the server responded with a status of 500 (Internal Server Error) @ http://localhost:3000/:0
[     332ms] [INFO] %cDownload the React DevTools for a better development experience: https://react.dev/link/react-devtools font-weight:bold @ http://localhost:3000/_next/static/chunks/04ls_next_dist_0vk1ech._.js:2431
[     339ms] [LOG] [HMR] connected @ http://localhost:3000/_next/static/chunks/04ls_next_dist_0vk1ech._.js:2431
[     356ms] [ERROR] Error: <svg> attribute height: Expected length, "auto". @ http://localhost:3000/_next/static/chunks/04ls_next_dist_compiled_react-dom_0npwhxa._.js:1392
[     365ms] [ERROR] Error: <svg> attribute height: Expected length, "auto". @ http://localhost:3000/_next/static/chunks/04ls_next_dist_compiled_react-dom_0npwhxa._.js:1392
[     378ms] Error: Event handlers cannot be passed to Client Component props.
  <a href=... style={{...}} onMouseEnter={function onMouseEnter} onMouseLeave=... children=...>
                                         ^^^^^^^^^^^^^^^^^^^^^^^
If you need interactivity, consider converting part of this to a Client Component.
    at stringify (<anonymous>:1:18)
    at stringify (<anonymous>:1:18)
    at stringify (<anonymous>:1:18)
    at resolveErrorDev (http://localhost:3000/_next/static/chunks/04ls_next_dist_compiled_react-server-dom-turbopack_0uumi-o._.js:1919:105)
    at processFullStringRow (http://localhost:3000/_next/static/chunks/04ls_next_dist_compiled_react-server-dom-turbopack_0uumi-o._.js:2434:29)
    at processFullBinaryRow (http://localhost:3000/_next/static/chunks/04ls_next_dist_compiled_react-server-dom-turbopack_0uumi-o._.js:2393:9)
    at processBinaryChunk (http://localhost:3000/_next/static/chunks/04ls_next_dist_compiled_react-server-dom-turbopack_0uumi-o._.js:2502:221)
    at progress (http://localhost:3000/_next/static/chunks/04ls_next_dist_compiled_react-server-dom-turbopack_0uumi-o._.js:2689:13)
[   12574ms] [LOG] [Fast Refresh] rebuilding @ http://localhost:3000/_next/static/chunks/04ls_next_dist_0vk1ech._.js:2431
[   12628ms] [WARNING] [Fast Refresh] performing full reload because your application had an unrecoverable error @ http://localhost:3000/_next/static/chunks/04ls_next_dist_0vk1ech._.js:2431
[   12742ms] [LOG] [Fast Refresh] done in 90ms @ http://localhost:3000/_next/static/chunks/04ls_next_dist_0vk1ech._.js:2431
[   12806ms] [ERROR] Error: <svg> attribute height: Expected length, "auto". @ http://localhost:3000/:0
[   12973ms] [INFO] %cDownload the React DevTools for a better development experience: https://react.dev/link/react-devtools font-weight:bold @ http://localhost:3000/_next/static/chunks/04ls_next_dist_0vk1ech._.js:2431
[   12997ms] [LOG] [HMR] connected @ http://localhost:3000/_next/static/chunks/04ls_next_dist_0vk1ech._.js:2431
