[     119ms] [ERROR] Error: <svg> attribute height: Expected length, "auto". @ http://localhost:3000/:0
[     165ms] [INFO] %cDownload the React DevTools for a better development experience: https://react.dev/link/react-devtools font-weight:bold @ http://localhost:3000/_next/static/chunks/04ls_next_dist_0vk1ech._.js:2431
[     267ms] [LOG] [HMR] connected @ http://localhost:3000/_next/static/chunks/04ls_next_dist_0vk1ech._.js:2431
[   27035ms] [INFO] %cDownload the React DevTools for a better development experience: https://react.dev/link/react-devtools font-weight:bold @ http://localhost:3000/_next/static/chunks/04ls_next_dist_0vk1ech._.js:2431
[   27045ms] [LOG] [HMR] connected @ http://localhost:3000/_next/static/chunks/04ls_next_dist_0vk1ech._.js:2431
[   27104ms] [ERROR] Failed to load resource: the server responded with a status of 404 (Not Found) @ http://localhost:3000/fonts/Klein-55Regular-Web.woff2:0
[   31693ms] [ERROR] Error: <svg> attribute height: Expected length, "auto". @ http://localhost:3000/:0
[   31713ms] [INFO] %cDownload the React DevTools for a better development experience: https://react.dev/link/react-devtools font-weight:bold @ http://localhost:3000/_next/static/chunks/04ls_next_dist_0vk1ech._.js:2431
[   31723ms] [LOG] [HMR] connected @ http://localhost:3000/_next/static/chunks/04ls_next_dist_0vk1ech._.js:2431
[   37912ms] [INFO] %cDownload the React DevTools for a better development experience: https://react.dev/link/react-devtools font-weight:bold @ http://localhost:3000/_next/static/chunks/04ls_next_dist_0vk1ech._.js:2431
[   37931ms] [LOG] [HMR] connected @ http://localhost:3000/_next/static/chunks/04ls_next_dist_0vk1ech._.js:2431
[   37951ms] [ERROR] Failed to load resource: the server responded with a status of 404 (Not Found) @ http://localhost:3000/fonts/Klein-55Regular-Web.woff2:0
[   39435ms] [ERROR] Error: <svg> attribute height: Expected length, "auto". @ http://localhost:3000/:0
[   39441ms] [INFO] %cDownload the React DevTools for a better development experience: https://react.dev/link/react-devtools font-weight:bold @ http://localhost:3000/_next/static/chunks/04ls_next_dist_0vk1ech._.js:2431
[   39450ms] [LOG] [HMR] connected @ http://localhost:3000/_next/static/chunks/04ls_next_dist_0vk1ech._.js:2431
[  125946ms] [LOG] [Fast Refresh] rebuilding @ http://localhost:3000/_next/static/chunks/04ls_next_dist_0vk1ech._.js:2431
[  125968ms] [LOG] [Fast Refresh] done in 54ms @ http://localhost:3000/_next/static/chunks/04ls_next_dist_0vk1ech._.js:2431
[  191343ms] [LOG] [Fast Refresh] rebuilding @ http://localhost:3000/_next/static/chunks/04ls_next_dist_0vk1ech._.js:2431
[  191371ms] [LOG] [Fast Refresh] done in 28ms @ http://localhost:3000/_next/static/chunks/04ls_next_dist_0vk1ech._.js:2431
[  196087ms] [LOG] [Fast Refresh] rebuilding @ http://localhost:3000/_next/static/chunks/04ls_next_dist_0vk1ech._.js:2431
[  196089ms] Error: Internal Next.js error: Router action dispatched before initialization.
    at dispatchAppRouterAction (http://localhost:3000/_next/static/chunks/04ls_next_dist_client_0~zyo0o._.js:916:37)
    at http://localhost:3000/_next/static/chunks/04ls_next_dist_client_0~zyo0o._.js:11800:61
    at startTransition (http://localhost:3000/_next/static/chunks/04ls_next_dist_compiled_006lxpk._.js:1279:31)
    at Object.hmrRefresh (http://localhost:3000/_next/static/chunks/04ls_next_dist_client_0~zyo0o._.js:11799:40)
    at http://localhost:3000/_next/static/chunks/04ls_next_dist_client_0~zyo0o._.js:13967:64
    at startTransition (http://localhost:3000/_next/static/chunks/04ls_next_dist_compiled_006lxpk._.js:1279:31)
    at processMessage (http://localhost:3000/_next/static/chunks/04ls_next_dist_client_0~zyo0o._.js:13966:44)
    at WebSocket.handleMessage (http://localhost:3000/_next/static/chunks/04ls_next_dist_client_0~zyo0o._.js:13335:52)
[  196116ms] Error: Internal Next.js error: Router action dispatched before initialization.
    at dispatchAppRouterAction (http://localhost:3000/_next/static/chunks/04ls_next_dist_client_0~zyo0o._.js:916:37)
    at http://localhost:3000/_next/static/chunks/04ls_next_dist_client_0~zyo0o._.js:11800:61
    at startTransition (http://localhost:3000/_next/static/chunks/04ls_next_dist_compiled_006lxpk._.js:1279:31)
    at Object.hmrRefresh (http://localhost:3000/_next/static/chunks/04ls_next_dist_client_0~zyo0o._.js:11799:40)
    at http://localhost:3000/_next/static/chunks/04ls_next_dist_client_0~zyo0o._.js:13967:64
    at startTransition (http://localhost:3000/_next/static/chunks/04ls_next_dist_compiled_006lxpk._.js:1279:31)
    at processMessage (http://localhost:3000/_next/static/chunks/04ls_next_dist_client_0~zyo0o._.js:13966:44)
    at WebSocket.handleMessage (http://localhost:3000/_next/static/chunks/04ls_next_dist_client_0~zyo0o._.js:13335:52)
[  196117ms] Error: Internal Next.js error: Router action dispatched before initialization.
    at dispatchAppRouterAction (http://localhost:3000/_next/static/chunks/04ls_next_dist_client_0~zyo0o._.js:916:37)
    at http://localhost:3000/_next/static/chunks/04ls_next_dist_client_0~zyo0o._.js:11800:61
    at startTransition (http://localhost:3000/_next/static/chunks/04ls_next_dist_compiled_006lxpk._.js:1279:31)
    at Object.hmrRefresh (http://localhost:3000/_next/static/chunks/04ls_next_dist_client_0~zyo0o._.js:11799:40)
    at http://localhost:3000/_next/static/chunks/04ls_next_dist_client_0~zyo0o._.js:13967:64
    at startTransition (http://localhost:3000/_next/static/chunks/04ls_next_dist_compiled_006lxpk._.js:1279:31)
    at processMessage (http://localhost:3000/_next/static/chunks/04ls_next_dist_client_0~zyo0o._.js:13966:44)
    at WebSocket.handleMessage (http://localhost:3000/_next/static/chunks/04ls_next_dist_client_0~zyo0o._.js:13335:52)
[  196119ms] Error: Internal Next.js error: Router action dispatched before initialization.
    at dispatchAppRouterAction (http://localhost:3000/_next/static/chunks/04ls_next_dist_client_0~zyo0o._.js:916:37)
    at http://localhost:3000/_next/static/chunks/04ls_next_dist_client_0~zyo0o._.js:11800:61
    at startTransition (http://localhost:3000/_next/static/chunks/04ls_next_dist_compiled_006lxpk._.js:1279:31)
    at Object.hmrRefresh (http://localhost:3000/_next/static/chunks/04ls_next_dist_client_0~zyo0o._.js:11799:40)
    at http://localhost:3000/_next/static/chunks/04ls_next_dist_client_0~zyo0o._.js:13967:64
    at startTransition (http://localhost:3000/_next/static/chunks/04ls_next_dist_compiled_006lxpk._.js:1279:31)
    at processMessage (http://localhost:3000/_next/static/chunks/04ls_next_dist_client_0~zyo0o._.js:13966:44)
    at WebSocket.handleMessage (http://localhost:3000/_next/static/chunks/04ls_next_dist_client_0~zyo0o._.js:13335:52)
[  196202ms] [WARNING] [HMR] Invalid message: {"isTrusted":true}
TypeError: Cannot convert undefined or null to object
    at Object.keys (<anonymous>)
    at extractModulesFromTurbopackMessage (http://localhost:3000/_next/static/chunks/04ls_next_dist_client_0~zyo0o._.js:13631:39)
    at TurbopackHmr.onTurbopackMessage (http://localhost:3000/_next/static/chunks/04ls_next_dist_client_0~zyo0o._.js:13578:32)
    at processMessage (http://localhost:3000/_next/static/chunks/04ls_next_dist_client_0~zyo0o._.js:13936:30)
    at WebSocket.handleMessage (http://localhost:3000/_next/static/chunks/04ls_next_dist_client_0~zyo0o._.js:13335:52) @ http://localhost:3000/_next/static/chunks/04ls_next_dist_0vk1ech._.js:2431
[  196202ms] [LOG] [Fast Refresh] done in 178ms @ http://localhost:3000/_next/static/chunks/04ls_next_dist_0vk1ech._.js:2431
[  196203ms] Error: Internal Next.js error: Router action dispatched before initialization.
    at dispatchAppRouterAction (http://localhost:3000/_next/static/chunks/04ls_next_dist_client_0~zyo0o._.js:916:37)
    at http://localhost:3000/_next/static/chunks/04ls_next_dist_client_0~zyo0o._.js:11800:61
    at startTransition (http://localhost:3000/_next/static/chunks/04ls_next_dist_compiled_006lxpk._.js:1279:31)
    at Object.hmrRefresh (http://localhost:3000/_next/static/chunks/04ls_next_dist_client_0~zyo0o._.js:11799:40)
    at http://localhost:3000/_next/static/chunks/04ls_next_dist_client_0~zyo0o._.js:13967:64
    at startTransition (http://localhost:3000/_next/static/chunks/04ls_next_dist_compiled_006lxpk._.js:1279:31)
    at processMessage (http://localhost:3000/_next/static/chunks/04ls_next_dist_client_0~zyo0o._.js:13966:44)
    at WebSocket.handleMessage (http://localhost:3000/_next/static/chunks/04ls_next_dist_client_0~zyo0o._.js:13335:52)
[  196204ms] Error: Internal Next.js error: Router action dispatched before initialization.
    at dispatchAppRouterAction (http://localhost:3000/_next/static/chunks/04ls_next_dist_client_0~zyo0o._.js:916:37)
    at http://localhost:3000/_next/static/chunks/04ls_next_dist_client_0~zyo0o._.js:11800:61
    at startTransition (http://localhost:3000/_next/static/chunks/04ls_next_dist_compiled_006lxpk._.js:1279:31)
    at Object.hmrRefresh (http://localhost:3000/_next/static/chunks/04ls_next_dist_client_0~zyo0o._.js:11799:40)
    at http://localhost:3000/_next/static/chunks/04ls_next_dist_client_0~zyo0o._.js:13967:64
    at startTransition (http://localhost:3000/_next/static/chunks/04ls_next_dist_compiled_006lxpk._.js:1279:31)
    at processMessage (http://localhost:3000/_next/static/chunks/04ls_next_dist_client_0~zyo0o._.js:13966:44)
    at WebSocket.handleMessage (http://localhost:3000/_next/static/chunks/04ls_next_dist_client_0~zyo0o._.js:13335:52)
[  196205ms] Error: Internal Next.js error: Router action dispatched before initialization.
    at dispatchAppRouterAction (http://localhost:3000/_next/static/chunks/04ls_next_dist_client_0~zyo0o._.js:916:37)
    at http://localhost:3000/_next/static/chunks/04ls_next_dist_client_0~zyo0o._.js:11800:61
    at startTransition (http://localhost:3000/_next/static/chunks/04ls_next_dist_compiled_006lxpk._.js:1279:31)
    at Object.hmrRefresh (http://localhost:3000/_next/static/chunks/04ls_next_dist_client_0~zyo0o._.js:11799:40)
    at http://localhost:3000/_next/static/chunks/04ls_next_dist_client_0~zyo0o._.js:13967:64
    at startTransition (http://localhost:3000/_next/static/chunks/04ls_next_dist_compiled_006lxpk._.js:1279:31)
    at processMessage (http://localhost:3000/_next/static/chunks/04ls_next_dist_client_0~zyo0o._.js:13966:44)
    at WebSocket.handleMessage (http://localhost:3000/_next/static/chunks/04ls_next_dist_client_0~zyo0o._.js:13335:52)
[  201214ms] [LOG] [Fast Refresh] rebuilding @ http://localhost:3000/_next/static/chunks/04ls_next_dist_0vk1ech._.js:2431
[  201215ms] Error: Internal Next.js error: Router action dispatched before initialization.
    at dispatchAppRouterAction (http://localhost:3000/_next/static/chunks/04ls_next_dist_client_0~zyo0o._.js:916:37)
    at http://localhost:3000/_next/static/chunks/04ls_next_dist_client_0~zyo0o._.js:11800:61
    at startTransition (http://localhost:3000/_next/static/chunks/04ls_next_dist_compiled_006lxpk._.js:1279:31)
    at Object.hmrRefresh (http://localhost:3000/_next/static/chunks/04ls_next_dist_client_0~zyo0o._.js:11799:40)
    at http://localhost:3000/_next/static/chunks/04ls_next_dist_client_0~zyo0o._.js:13967:64
    at startTransition (http://localhost:3000/_next/static/chunks/04ls_next_dist_compiled_006lxpk._.js:1279:31)
    at processMessage (http://localhost:3000/_next/static/chunks/04ls_next_dist_client_0~zyo0o._.js:13966:44)
    at WebSocket.handleMessage (http://localhost:3000/_next/static/chunks/04ls_next_dist_client_0~zyo0o._.js:13335:52)
[  201289ms] [LOG] [Fast Refresh] done in 18ms @ http://localhost:3000/_next/static/chunks/04ls_next_dist_0vk1ech._.js:2431
[  209344ms] [LOG] [Fast Refresh] rebuilding @ http://localhost:3000/_next/static/chunks/04ls_next_dist_0vk1ech._.js:2431
[  209345ms] Error: Internal Next.js error: Router action dispatched before initialization.
    at dispatchAppRouterAction (http://localhost:3000/_next/static/chunks/04ls_next_dist_client_0~zyo0o._.js:916:37)
    at http://localhost:3000/_next/static/chunks/04ls_next_dist_client_0~zyo0o._.js:11800:61
    at startTransition (http://localhost:3000/_next/static/chunks/04ls_next_dist_compiled_006lxpk._.js:1279:31)
    at Object.hmrRefresh (http://localhost:3000/_next/static/chunks/04ls_next_dist_client_0~zyo0o._.js:11799:40)
    at http://localhost:3000/_next/static/chunks/04ls_next_dist_client_0~zyo0o._.js:13967:64
    at startTransition (http://localhost:3000/_next/static/chunks/04ls_next_dist_compiled_006lxpk._.js:1279:31)
    at processMessage (http://localhost:3000/_next/static/chunks/04ls_next_dist_client_0~zyo0o._.js:13966:44)
    at WebSocket.handleMessage (http://localhost:3000/_next/static/chunks/04ls_next_dist_client_0~zyo0o._.js:13335:52)
[  209659ms] [LOG] [Fast Refresh] done in 17ms @ http://localhost:3000/_next/static/chunks/04ls_next_dist_0vk1ech._.js:2431
[  317732ms] [LOG] [Fast Refresh] rebuilding @ http://localhost:3000/_next/static/chunks/04ls_next_dist_0vk1ech._.js:2431
[  317962ms] [LOG] [Fast Refresh] done in 332ms @ http://localhost:3000/_next/static/chunks/04ls_next_dist_0vk1ech._.js:2431
[  324400ms] [LOG] [Fast Refresh] rebuilding @ http://localhost:3000/_next/static/chunks/04ls_next_dist_0vk1ech._.js:2431
[  324527ms] [LOG] [Fast Refresh] done in 227ms @ http://localhost:3000/_next/static/chunks/04ls_next_dist_0vk1ech._.js:2431
[  324543ms] [ERROR] Failed to load resource: the server responded with a status of 500 (Internal Server Error) @ http://localhost:3000/:0
[  324561ms] [INFO] %cDownload the React DevTools for a better development experience: https://react.dev/link/react-devtools font-weight:bold @ http://localhost:3000/_next/static/chunks/04ls_next_dist_0vk1ech._.js:2431
[  324569ms] [LOG] [HMR] connected @ http://localhost:3000/_next/static/chunks/04ls_next_dist_0vk1ech._.js:2431
[  324584ms] [ERROR] Error: <svg> attribute height: Expected length, "auto". @ http://localhost:3000/_next/static/chunks/04ls_next_dist_compiled_react-dom_0npwhxa._.js:1392
[  324592ms] [ERROR] Error: <svg> attribute height: Expected length, "auto". @ http://localhost:3000/_next/static/chunks/04ls_next_dist_compiled_react-dom_0npwhxa._.js:1392
[  324607ms] Error: Event handlers cannot be passed to Client Component props.
  <a href=... style={{...}} onMouseEnter={function onMouseEnter} onMouseLeave=... children=...>
                                         ^^^^^^^^^^^^^^^^^^^^^^^
If you need interactivity, consider converting part of this to a Client Component.
    at stringify (<anonymous>:1:18)
    at stringify (<anonymous>:1:18)
    at stringify (<anonymous>:1:18)
    at resolveErrorDev (http://localhost:3000/_next/static/chunks/04ls_next_dist_compiled_react-server-dom-turbopack_0uumi-o._.js:1919:105)
    at processFullStringRow (http://localhost:3000/_next/static/chunks/04ls_next_dist_compiled_react-server-dom-turbopack_0uumi-o._.js:2434:29)
    at processFullBinaryRow (http://localhost:3000/_next/static/chunks/04ls_next_dist_compiled_react-server-dom-turbopack_0uumi-o._.js:2393:9)
    at processBinaryChunk (http://localhost:3000/_next/static/chunks/04ls_next_dist_compiled_react-server-dom-turbopack_0uumi-o._.js:2502:221)
    at progress (http://localhost:3000/_next/static/chunks/04ls_next_dist_compiled_react-server-dom-turbopack_0uumi-o._.js:2689:13)
