[      58ms] [ERROR] Error: <svg> attribute height: Expected length, "auto". @ http://localhost:3000/:0
[      78ms] [INFO] %cDownload the React DevTools for a better development experience: https://react.dev/link/react-devtools font-weight:bold @ http://localhost:3000/_next/static/chunks/04ls_next_dist_0vk1ech._.js:2431
[      86ms] [LOG] [HMR] connected @ http://localhost:3000/_next/static/chunks/04ls_next_dist_0vk1ech._.js:2431
[     131ms] [ERROR] Failed to load resource: the server responded with a status of 404 (Not Found) @ http://localhost:3000/fonts/Klein-55Regular-Web.woff2:0
[     131ms] [ERROR] Failed to load resource: the server responded with a status of 404 (Not Found) @ http://localhost:3000/fonts/Klein-65Medium-Web.woff2:0
[   26476ms] [ERROR] Error: <svg> attribute height: Expected length, "auto". @ http://localhost:3000/:0
[   26500ms] [INFO] %cDownload the React DevTools for a better development experience: https://react.dev/link/react-devtools font-weight:bold @ http://localhost:3000/_next/static/chunks/04ls_next_dist_0vk1ech._.js:2431
[   26519ms] [LOG] [HMR] connected @ http://localhost:3000/_next/static/chunks/04ls_next_dist_0vk1ech._.js:2431
[   26552ms] [ERROR] Failed to load resource: the server responded with a status of 404 (Not Found) @ http://localhost:3000/fonts/Klein-65Medium-Web.woff2:0
[   26553ms] [ERROR] Failed to load resource: the server responded with a status of 404 (Not Found) @ http://localhost:3000/fonts/Klein-55Regular-Web.woff2:0
[   26649ms] [WARNING] Image with src "/images/BLACKSHIRT.JPG" was detected as the Largest Contentful Paint (LCP). Please add the `loading="eager"` property if this image is above the fold.
Read more: https://nextjs.org/docs/app/api-reference/components/image#loading @ http://localhost:3000/_next/static/chunks/04ls_next_dist_0vk1ech._.js:2431
[   44369ms] [ERROR] Error: <svg> attribute height: Expected length, "auto". @ http://localhost:3000/:0
[   44393ms] [INFO] %cDownload the React DevTools for a better development experience: https://react.dev/link/react-devtools font-weight:bold @ http://localhost:3000/_next/static/chunks/04ls_next_dist_0vk1ech._.js:2431
[   44445ms] [LOG] [HMR] connected @ http://localhost:3000/_next/static/chunks/04ls_next_dist_0vk1ech._.js:2431
[   44486ms] [ERROR] Failed to load resource: the server responded with a status of 404 (Not Found) @ http://localhost:3000/fonts/Klein-65Medium-Web.woff2:0
[   44488ms] [ERROR] Failed to load resource: the server responded with a status of 404 (Not Found) @ http://localhost:3000/fonts/Klein-55Regular-Web.woff2:0
[   44501ms] [WARNING] Image with src "/images/gray-pleated-trousers1.JPG" was detected as the Largest Contentful Paint (LCP). Please add the `loading="eager"` property if this image is above the fold.
Read more: https://nextjs.org/docs/app/api-reference/components/image#loading @ http://localhost:3000/_next/static/chunks/04ls_next_dist_0vk1ech._.js:2431
[  171750ms] [INFO] %cDownload the React DevTools for a better development experience: https://react.dev/link/react-devtools font-weight:bold @ http://localhost:3000/_next/static/chunks/04ls_next_dist_0vk1ech._.js:2431
[  171765ms] [LOG] [HMR] connected @ http://localhost:3000/_next/static/chunks/04ls_next_dist_0vk1ech._.js:2431
[  171772ms] [ERROR] Failed to load resource: the server responded with a status of 404 (Not Found) @ http://localhost:3000/fonts/Klein-65Medium-Web.woff2:0
[  171774ms] [ERROR] Failed to load resource: the server responded with a status of 404 (Not Found) @ http://localhost:3000/fonts/Klein-55Regular-Web.woff2:0
[  174563ms] [INFO] %cDownload the React DevTools for a better development experience: https://react.dev/link/react-devtools font-weight:bold @ http://localhost:3000/_next/static/chunks/04ls_next_dist_0vk1ech._.js:2431
[  174601ms] [LOG] [HMR] connected @ http://localhost:3000/_next/static/chunks/04ls_next_dist_0vk1ech._.js:2431
[  174618ms] [ERROR] Failed to load resource: the server responded with a status of 404 (Not Found) @ http://localhost:3000/fonts/Klein-65Medium-Web.woff2:0
[  174620ms] [ERROR] Failed to load resource: the server responded with a status of 404 (Not Found) @ http://localhost:3000/fonts/Klein-55Regular-Web.woff2:0
[  177215ms] [ERROR] Failed to load resource: the server responded with a status of 404 (Not Found) @ http://localhost:3000/fonts/Klein-65Medium-Web.woff2:0
[  177216ms] [ERROR] Failed to load resource: the server responded with a status of 404 (Not Found) @ http://localhost:3000/fonts/Klein-55Regular-Web.woff2:0
[  177218ms] [INFO] %cDownload the React DevTools for a better development experience: https://react.dev/link/react-devtools font-weight:bold @ http://localhost:3000/_next/static/chunks/04ls_next_dist_0vk1ech._.js:2431
[  177230ms] [LOG] [HMR] connected @ http://localhost:3000/_next/static/chunks/04ls_next_dist_0vk1ech._.js:2431
[  205164ms] [LOG] [Fast Refresh] rebuilding @ http://localhost:3000/_next/static/chunks/04ls_next_dist_0vk1ech._.js:2431
[  205324ms] [LOG] [Fast Refresh] done in 180ms @ http://localhost:3000/_next/static/chunks/04ls_next_dist_0vk1ech._.js:2431
[  205344ms] [ERROR] Failed to load resource: the server responded with a status of 404 (Not Found) @ http://localhost:3000/fonts/Klein-65Medium-Web.woff2:0
[  205345ms] [ERROR] Failed to load resource: the server responded with a status of 404 (Not Found) @ http://localhost:3000/fonts/Klein-55Regular-Web.woff2:0
[  210173ms] [LOG] [Fast Refresh] rebuilding @ http://localhost:3000/_next/static/chunks/04ls_next_dist_0vk1ech._.js:2431
[  210210ms] [LOG] [Fast Refresh] done in 108ms @ http://localhost:3000/_next/static/chunks/04ls_next_dist_0vk1ech._.js:2431
[  210242ms] [ERROR] Failed to load resource: the server responded with a status of 404 (Not Found) @ http://localhost:3000/fonts/Klein-55Regular-Web.woff2:0
[  216545ms] [LOG] [Fast Refresh] rebuilding @ http://localhost:3000/_next/static/chunks/04ls_next_dist_0vk1ech._.js:2431
[  216571ms] [LOG] [Fast Refresh] done in 102ms @ http://localhost:3000/_next/static/chunks/04ls_next_dist_0vk1ech._.js:2431
[  222009ms] [LOG] [Fast Refresh] rebuilding @ http://localhost:3000/_next/static/chunks/04ls_next_dist_0vk1ech._.js:2431
[  222037ms] [LOG] [Fast Refresh] done in 25ms @ http://localhost:3000/_next/static/chunks/04ls_next_dist_0vk1ech._.js:2431
