[      92ms] [INFO] %cDownload the React DevTools for a better development experience: https://react.dev/link/react-devtools font-weight:bold @ http://localhost:3000/_next/static/chunks/04ls_next_dist_0vk1ech._.js:2431
[     121ms] [LOG] [HMR] connected @ http://localhost:3000/_next/static/chunks/04ls_next_dist_0vk1ech._.js:2431
[   93145ms] [INFO] %cDownload the React DevTools for a better development experience: https://react.dev/link/react-devtools font-weight:bold @ http://localhost:3000/_next/static/chunks/04ls_next_dist_0vk1ech._.js:2431
[   93153ms] [LOG] [HMR] connected @ http://localhost:3000/_next/static/chunks/04ls_next_dist_0vk1ech._.js:2431
[   94399ms] [INFO] %cDownload the React DevTools for a better development experience: https://react.dev/link/react-devtools font-weight:bold @ http://localhost:3000/_next/static/chunks/04ls_next_dist_0vk1ech._.js:2431
[   94405ms] [LOG] [HMR] connected @ http://localhost:3000/_next/static/chunks/04ls_next_dist_0vk1ech._.js:2431
[   94974ms] [INFO] %cDownload the React DevTools for a better development experience: https://react.dev/link/react-devtools font-weight:bold @ http://localhost:3000/_next/static/chunks/04ls_next_dist_0vk1ech._.js:2431
[   94983ms] [LOG] [HMR] connected @ http://localhost:3000/_next/static/chunks/04ls_next_dist_0vk1ech._.js:2431
[   95224ms] [INFO] %cDownload the React DevTools for a better development experience: https://react.dev/link/react-devtools font-weight:bold @ http://localhost:3000/_next/static/chunks/04ls_next_dist_0vk1ech._.js:2431
[   95232ms] [LOG] [HMR] connected @ http://localhost:3000/_next/static/chunks/04ls_next_dist_0vk1ech._.js:2431
[   95677ms] [INFO] %cDownload the React DevTools for a better development experience: https://react.dev/link/react-devtools font-weight:bold @ http://localhost:3000/_next/static/chunks/04ls_next_dist_0vk1ech._.js:2431
[   95684ms] [LOG] [HMR] connected @ http://localhost:3000/_next/static/chunks/04ls_next_dist_0vk1ech._.js:2431
[   95846ms] [INFO] %cDownload the React DevTools for a better development experience: https://react.dev/link/react-devtools font-weight:bold @ http://localhost:3000/_next/static/chunks/04ls_next_dist_0vk1ech._.js:2431
[   95854ms] [LOG] [HMR] connected @ http://localhost:3000/_next/static/chunks/04ls_next_dist_0vk1ech._.js:2431
[   96029ms] [INFO] %cDownload the React DevTools for a better development experience: https://react.dev/link/react-devtools font-weight:bold @ http://localhost:3000/_next/static/chunks/04ls_next_dist_0vk1ech._.js:2431
[   96036ms] [LOG] [HMR] connected @ http://localhost:3000/_next/static/chunks/04ls_next_dist_0vk1ech._.js:2431
[   96178ms] [INFO] %cDownload the React DevTools for a better development experience: https://react.dev/link/react-devtools font-weight:bold @ http://localhost:3000/_next/static/chunks/04ls_next_dist_0vk1ech._.js:2431
[   96186ms] [LOG] [HMR] connected @ http://localhost:3000/_next/static/chunks/04ls_next_dist_0vk1ech._.js:2431
[   96366ms] [INFO] %cDownload the React DevTools for a better development experience: https://react.dev/link/react-devtools font-weight:bold @ http://localhost:3000/_next/static/chunks/04ls_next_dist_0vk1ech._.js:2431
[   96373ms] [LOG] [HMR] connected @ http://localhost:3000/_next/static/chunks/04ls_next_dist_0vk1ech._.js:2431
[  104277ms] [INFO] %cDownload the React DevTools for a better development experience: https://react.dev/link/react-devtools font-weight:bold @ http://localhost:3000/_next/static/chunks/04ls_next_dist_0vk1ech._.js:2431
[  104283ms] [LOG] [HMR] connected @ http://localhost:3000/_next/static/chunks/04ls_next_dist_0vk1ech._.js:2431
[  104318ms] [ERROR] Failed to load resource: the server responded with a status of 404 (Not Found) @ http://localhost:3000/fonts/Klein-55Regular-Web.woff2:0
[  107157ms] [INFO] %cDownload the React DevTools for a better development experience: https://react.dev/link/react-devtools font-weight:bold @ http://localhost:3000/_next/static/chunks/04ls_next_dist_0vk1ech._.js:2431
[  107175ms] [LOG] [HMR] connected @ http://localhost:3000/_next/static/chunks/04ls_next_dist_0vk1ech._.js:2431
[  107182ms] [ERROR] Failed to load resource: the server responded with a status of 404 (Not Found) @ http://localhost:3000/fonts/Klein-65Medium-Web.woff2:0
