[  887013ms] [INFO] LegacyDataMixin will be applied to all legacy elements.
Set `_legacyUndefinedCheck: true` on element class to enable. @ https://www.youtube.com/s/_/ytmainappweb/_/js/k=ytmainappweb.kevlar_base.en_US.XrBhVS2uQoM.es5.O/am=AAAAgAAAEAAk/d=1/br=1/rs=AGKMywGbg7rNOcogepPx8nlZp2lyEKGHhQ/m=kevlar_base_module,kevlar_main_module,kevlar_base_sync_mod_chunk:9773
[  887751ms] [ERROR] Failed to load resource: the server responded with a status of 403 () @ https://accounts.google.com/v3/signin/identifier?continue=https%3A%2F%2Fwww.youtube.com%2Fsignin%3Faction_handle_signin%3Dtrue%26app%3Ddesktop%26hl%3Den-GB%26next%3D%252Fsignin_passive%26feature%3Dpassive&dsh=S-317517576%3A1779357564930381&hl=en-GB&passive=true&service=youtube&uilel=3&flowName=GlifWebSignIn&flowEntry=ServiceLogin&ifkv=AWa2Pavbg5dvl6LKEFLadaSDLG_oXReYelmO9KdeUAkaUloz1i4BZJFI2cAC5RE4eZETkkKOVMkq:0
[  887940ms] [INFO] Banner not shown: beforeinstallpromptevent.preventDefault() called. The page must call beforeinstallpromptevent.prompt() to show the banner. @ https://www.youtube.com/watch?v=gxU1wlBAsig:0
[  888063ms] [ERROR] requestStorageAccessFor: Permission denied. @ https://www.youtube.com/watch?v=gxU1wlBAsig:0
[  888066ms] [ERROR] requestStorageAccessFor: Permission denied. @ https://www.youtube.com/watch?v=gxU1wlBAsig:0
[  888066ms] [ERROR] requestStorageAccessFor: Permission denied. @ https://www.youtube.com/watch?v=gxU1wlBAsig:0
[  892857ms] [WARNING] The resource https://rr3---sn-h5576nsy.c.youtube.com/generate_204 was preloaded using link preload but not used within a few seconds from the window's load event. Please make sure it has an appropriate `as` value and it is preloaded intentionally. @ https://www.youtube.com/watch?v=gxU1wlBAsig:0
[  892857ms] [WARNING] The resource https://rr1---sn-gwpa-cive6.googlevideo.com/generate_204 was preloaded using link preload but not used within a few seconds from the window's load event. Please make sure it has an appropriate `as` value and it is preloaded intentionally. @ https://www.youtube.com/watch?v=gxU1wlBAsig:0
[  892857ms] [WARNING] The resource https://i.ytimg.com/generate_204 was preloaded using link preload but not used within a few seconds from the window's load event. Please make sure it has an appropriate `as` value and it is preloaded intentionally. @ https://www.youtube.com/watch?v=gxU1wlBAsig:0
[  902868ms] [WARNING] The resource https://rr3---sn-h5576nsy.c.youtube.com/generate_204 was preloaded using link preload but not used within a few seconds from the window's load event. Please make sure it has an appropriate `as` value and it is preloaded intentionally. @ https://www.youtube.com/watch?v=gxU1wlBAsig:0
[  902868ms] [WARNING] The resource https://rr1---sn-gwpa-cive6.googlevideo.com/generate_204 was preloaded using link preload but not used within a few seconds from the window's load event. Please make sure it has an appropriate `as` value and it is preloaded intentionally. @ https://www.youtube.com/watch?v=gxU1wlBAsig:0
[  902868ms] [WARNING] The resource https://i.ytimg.com/generate_204 was preloaded using link preload but not used within a few seconds from the window's load event. Please make sure it has an appropriate `as` value and it is preloaded intentionally. @ https://www.youtube.com/watch?v=gxU1wlBAsig:0
[  912852ms] [WARNING] The resource https://rr3---sn-h5576nsy.c.youtube.com/generate_204 was preloaded using link preload but not used within a few seconds from the window's load event. Please make sure it has an appropriate `as` value and it is preloaded intentionally. @ https://www.youtube.com/watch?v=gxU1wlBAsig:0
[  912852ms] [WARNING] The resource https://rr1---sn-gwpa-cive6.googlevideo.com/generate_204 was preloaded using link preload but not used within a few seconds from the window's load event. Please make sure it has an appropriate `as` value and it is preloaded intentionally. @ https://www.youtube.com/watch?v=gxU1wlBAsig:0
[  912852ms] [WARNING] The resource https://i.ytimg.com/generate_204 was preloaded using link preload but not used within a few seconds from the window's load event. Please make sure it has an appropriate `as` value and it is preloaded intentionally. @ https://www.youtube.com/watch?v=gxU1wlBAsig:0
[  919884ms] [WARNING] The resource https://rr3---sn-h5576nsy.c.youtube.com/generate_204 was preloaded using link preload but not used within a few seconds from the window's load event. Please make sure it has an appropriate `as` value and it is preloaded intentionally. @ https://www.youtube.com/watch?v=gxU1wlBAsig:0
[  919884ms] [WARNING] The resource https://rr1---sn-gwpa-cive6.googlevideo.com/generate_204 was preloaded using link preload but not used within a few seconds from the window's load event. Please make sure it has an appropriate `as` value and it is preloaded intentionally. @ https://www.youtube.com/watch?v=gxU1wlBAsig:0
[  919884ms] [WARNING] The resource https://i.ytimg.com/generate_204 was preloaded using link preload but not used within a few seconds from the window's load event. Please make sure it has an appropriate `as` value and it is preloaded intentionally. @ https://www.youtube.com/watch?v=gxU1wlBAsig:0
[  929868ms] [WARNING] The resource https://rr3---sn-h5576nsy.c.youtube.com/generate_204 was preloaded using link preload but not used within a few seconds from the window's load event. Please make sure it has an appropriate `as` value and it is preloaded intentionally. @ https://www.youtube.com/watch?v=gxU1wlBAsig:0
[  929868ms] [WARNING] The resource https://rr1---sn-gwpa-cive6.googlevideo.com/generate_204 was preloaded using link preload but not used within a few seconds from the window's load event. Please make sure it has an appropriate `as` value and it is preloaded intentionally. @ https://www.youtube.com/watch?v=gxU1wlBAsig:0
[  929868ms] [WARNING] The resource https://i.ytimg.com/generate_204 was preloaded using link preload but not used within a few seconds from the window's load event. Please make sure it has an appropriate `as` value and it is preloaded intentionally. @ https://www.youtube.com/watch?v=gxU1wlBAsig:0
[  939893ms] [WARNING] The resource https://rr3---sn-h5576nsy.c.youtube.com/generate_204 was preloaded using link preload but not used within a few seconds from the window's load event. Please make sure it has an appropriate `as` value and it is preloaded intentionally. @ https://www.youtube.com/watch?v=gxU1wlBAsig:0
[  939893ms] [WARNING] The resource https://rr1---sn-gwpa-cive6.googlevideo.com/generate_204 was preloaded using link preload but not used within a few seconds from the window's load event. Please make sure it has an appropriate `as` value and it is preloaded intentionally. @ https://www.youtube.com/watch?v=gxU1wlBAsig:0
[  939893ms] [WARNING] The resource https://i.ytimg.com/generate_204 was preloaded using link preload but not used within a few seconds from the window's load event. Please make sure it has an appropriate `as` value and it is preloaded intentionally. @ https://www.youtube.com/watch?v=gxU1wlBAsig:0
[  954868ms] [WARNING] The resource https://rr3---sn-h5576nsy.c.youtube.com/generate_204 was preloaded using link preload but not used within a few seconds from the window's load event. Please make sure it has an appropriate `as` value and it is preloaded intentionally. @ https://www.youtube.com/watch?v=gxU1wlBAsig:0
[  954868ms] [WARNING] The resource https://rr1---sn-gwpa-cive6.googlevideo.com/generate_204 was preloaded using link preload but not used within a few seconds from the window's load event. Please make sure it has an appropriate `as` value and it is preloaded intentionally. @ https://www.youtube.com/watch?v=gxU1wlBAsig:0
[  954868ms] [WARNING] The resource https://i.ytimg.com/generate_204 was preloaded using link preload but not used within a few seconds from the window's load event. Please make sure it has an appropriate `as` value and it is preloaded intentionally. @ https://www.youtube.com/watch?v=gxU1wlBAsig:0
[  987426ms] [WARNING] The resource https://rr3---sn-h5576nsy.c.youtube.com/generate_204 was preloaded using link preload but not used within a few seconds from the window's load event. Please make sure it has an appropriate `as` value and it is preloaded intentionally. @ https://www.youtube.com/watch?v=gxU1wlBAsig:0
[  987426ms] [WARNING] The resource https://rr1---sn-gwpa-cive6.googlevideo.com/generate_204 was preloaded using link preload but not used within a few seconds from the window's load event. Please make sure it has an appropriate `as` value and it is preloaded intentionally. @ https://www.youtube.com/watch?v=gxU1wlBAsig:0
[  987426ms] [WARNING] The resource https://i.ytimg.com/generate_204 was preloaded using link preload but not used within a few seconds from the window's load event. Please make sure it has an appropriate `as` value and it is preloaded intentionally. @ https://www.youtube.com/watch?v=gxU1wlBAsig:0
[  994867ms] [WARNING] The resource https://rr3---sn-h5576nsy.c.youtube.com/generate_204 was preloaded using link preload but not used within a few seconds from the window's load event. Please make sure it has an appropriate `as` value and it is preloaded intentionally. @ https://www.youtube.com/watch?v=gxU1wlBAsig:0
[  994868ms] [WARNING] The resource https://rr1---sn-gwpa-cive6.googlevideo.com/generate_204 was preloaded using link preload but not used within a few seconds from the window's load event. Please make sure it has an appropriate `as` value and it is preloaded intentionally. @ https://www.youtube.com/watch?v=gxU1wlBAsig:0
[  994868ms] [WARNING] The resource https://i.ytimg.com/generate_204 was preloaded using link preload but not used within a few seconds from the window's load event. Please make sure it has an appropriate `as` value and it is preloaded intentionally. @ https://www.youtube.com/watch?v=gxU1wlBAsig:0
