[     549ms] [INFO] %cDownload the React DevTools for a better development experience: https://react.dev/link/react-devtools font-weight:bold @ http://localhost:3000/_next/static/chunks/04ls_next_dist_0vk1ech._.js:2431
[     584ms] [LOG] [HMR] connected @ http://localhost:3000/_next/static/chunks/04ls_next_dist_0vk1ech._.js:2431
[   44772ms] [LOG] [Fast Refresh] rebuilding @ http://localhost:3000/_next/static/chunks/04ls_next_dist_0vk1ech._.js:2431
[   44807ms] [ERROR] ./my-clone/src/components/osklen/ProductImageGallery.tsx:203:12
Expected '</', got 'ident'
  201 |           className="flex h-screen overflow-x-auto cursor-grab active:cursor-grabbing sel...
  202 |           style={{ scrollbarWidth: "none" }}
> 203 |           {images.map((img, i) => (
      |            ^^^^^^
  204 |             <div
  205 |               key={i}
  206 |               className="relative shrink-0 w-screen h-screen [scroll-snap-align:start]"

Parsing ecmascript source code failed

Import trace:
  Server Component:
    ./my-clone/src/components/osklen/ProductImageGallery.tsx
    ./my-clone/src/app/product/page.tsx @ http://localhost:3000/_next/static/chunks/04ls_next_dist_0vk1ech._.js:3272
[   44884ms] [ERROR] ./my-clone/src/components/osklen/ProductImageGallery.tsx:203:12
Expected '</', got 'ident'
  201 |           className="flex h-screen overflow-x-auto cursor-grab active:cursor-grabbing sel...
  202 |           style={{ scrollbarWidth: "none" }}
> 203 |           {images.map((img, i) => (
      |            ^^^^^^
  204 |             <div
  205 |               key={i}
  206 |               className="relative shrink-0 w-screen h-screen [scroll-snap-align:start]"

Parsing ecmascript source code failed

Import trace:
  Server Component:
    ./my-clone/src/components/osklen/ProductImageGallery.tsx
    ./my-clone/src/app/product/page.tsx @ http://localhost:3000/_next/static/chunks/04ls_next_dist_0vk1ech._.js:3272
[   44929ms] [LOG] [Fast Refresh] rebuilding @ http://localhost:3000/_next/static/chunks/04ls_next_dist_0vk1ech._.js:2431
[   67933ms] [LOG] [Fast Refresh] rebuilding @ http://localhost:3000/_next/static/chunks/04ls_next_dist_0vk1ech._.js:2431
[   67971ms] [LOG] [Fast Refresh] done in 28ms @ http://localhost:3000/_next/static/chunks/04ls_next_dist_0vk1ech._.js:2431
[  336811ms] ReferenceError: retailrocket is not defined
    at https://www.osklen.com/short-sleeved-rustic-backside-t-shirt-beige-74506-17/p:98:7
[  336800ms] [ERROR] Failed to load resource: the server responded with a status of 404 () @ https://assets.decocache.com/osklenus/934b6499-f43f-4e26-a2fc-f1262d1d48cc/flag-e.png:0
[  337513ms] [ERROR] Failed to load resource: the server responded with a status of 404 () @ https://vfr-v3-production.sizebay.technology/plugin/my-product-id?permalink=https://www.osklen.com.br/short-sleeved-rustic-backside-t-shirt-beige-74506-17/p?skuId=46924:0
[  342021ms] [LOG] %c[IND]%c You are running %c MacOS %c Operating system, %c Chrome %c browser, version: %c 148 color: White; background: #17384c; font-weight: bold; padding: 3px; border-radius:3px 0 0 3px; color: Black; background: #50e590; font-weight: bold; padding: 3px color: White; background: #17384c; font-weight: bold; padding: 3px; color: Black; background: #50e590; font-weight: bold; padding: 3px color: White; background: #17384c; font-weight: bold; padding: 3px; color: Black; background: #50e590; font-weight: bold; padding: 3px color: White; background: #17384c; font-weight: bold; padding: 3px; border-radius:0 3px 3px 0 @ https://cdn.equalweb.com/core/5.2.0/accessibility.js:0
[  342021ms] [LOG] %c[IND]%c Version %c5.2.0%c color: White; background: #17384c; font-weight: bold; padding: 3px; border-radius:3px 0 0 3px; color: Black; background: #50e590; font-weight: bold; padding: 3px color: White; background: #17384c; font-weight: bold; padding: 3px; border-radius:0 3px 3px 0  @ https://cdn.equalweb.com/core/5.2.0/accessibility.js:0
[ 1286693ms] [INFO] %cDownload the React DevTools for a better development experience: https://react.dev/link/react-devtools font-weight:bold @ http://localhost:3000/_next/static/chunks/04ls_next_dist_0vk1ech._.js:2431
[ 1286734ms] [LOG] [HMR] connected @ http://localhost:3000/_next/static/chunks/04ls_next_dist_0vk1ech._.js:2431
[ 1300280ms] [LOG] [Fast Refresh] rebuilding @ http://localhost:3000/_next/static/chunks/04ls_next_dist_0vk1ech._.js:2431
[ 1300303ms] [LOG] [Fast Refresh] done in 69ms @ http://localhost:3000/_next/static/chunks/04ls_next_dist_0vk1ech._.js:2431
[ 1302612ms] ReferenceError: retailrocket is not defined
    at https://www.osklen.com/short-sleeved-rustic-backside-t-shirt-beige-74506-17/p:98:7
[ 1302613ms] [ERROR] Failed to load resource: the server responded with a status of 404 () @ https://assets.decocache.com/osklenus/934b6499-f43f-4e26-a2fc-f1262d1d48cc/flag-e.png:0
